! Lewis Comstive 2021
! 
! AI For Games Submission
! 
! Legend:
!	! = Comment
!	G = Grass
!	W = Water
!	E = Water Edge
!	B = Bush
!	F = Flower
!	- = Fence Horizontal
WWWWWWWWWWWWWWWWWWWWWWWWWWWWWWWWWWWWWWWWWWWWWWWWWWWWWWWWWWWWWWWW
WWWWWWWWWWWWWWWWWWWWWWWWWWWWWWWWWWWWWWWWWWWWWWWWWWWWWWWWWWWWWWWW
WWWWWWWWWWWWWWWWWWWWWWWWWWWWWWWWWWWWWWWWWWWWWWWWWWWWWWWWWWWWWWWW
WWWWWWWWWWWWWWWWWWWWWWWWWWWWWWWWWWWWWWWWWWWWWWWWWWWWWWWWWWWWWWWW
WWWWWWWWWWWWWWWWWWWWWWWWWWWWWWWWWWWWWWWWWWWWWWWWWWWWWWWWWWWWWWWW
WWWWW------------------------------------------------------WWWWW
WWWWW-GGGGGGGGGGGFGGGGGGGGGFGGGGGGGGGGGGGGGGGGGGGGGGGGGGGG-WWWWW
WWWWW-GGGFGGGGGGGGGGGGGGGGGGGGGGGGGBGGGGGGGGGGGFGGGGGGGGGG-WWWWW
WWWWW-GGGGFEEEEEGGGGGGGGGGGGGGGFGGGGGGGGGGGGGGGGGGGGGBGGGG-WWWWW
WWWWW-GGGGGEWWWEGGGGGGGGGGGGGGFFGGGGGGGGGGGGGGGGGGFGGGGGGG-WWWWW
WWWWW-GGGGGEEEEEGFGGGGGGGGGGGGGGGGGGGGGGGGGGGBGGGGGGGGGGGG-WWWWW
WWWWW-GGBGGGGGFGGGGGGGGGGGGGGGGGGGGFGGGGGGBFGGGGGGGGGGGFGG-WWWWW
WWWWW-GGGGGGGGGGGGGGGGGGGGGGGGGGGGGGGGGGGGGGGGFGGBGGGGGGGG-WWWWW
WWWWW-GGGGGGGGGGGGGGGGGGGGGEEEEGGGGFGGGGGGGGGGGGGGGGGGGGGG-WWWWW
WWWWW-GFGGGGGGGGGGGGGGGGGBGEWWEGGGGGGGGGGGGGGGGGGGGGGGGGGG-WWWWW
WWWWW----GGFGGGGGGGGGGEEEEEEWWEEGGGGGGGGGGEEEEGGGG--GGGGGG-WWWWW
WWWWW-------GGGGGGGGGGEWWWWWWWWEGGGGGGGGGGEWWEGGG----GGGGG-WWWWW
WWWWW-GFGGGGGGGBGGFGGGEEEEEEEEEEGGGGGGGGGGEEEEG--------GGG-WWWWW
WWWWW-GGGBGGGGGGGGGGGGGGGGGGGGFGGGGGGGGGGGGGGGGGGGGGGGGGGG-WWWWW
WWWWW-GGGGGGGGGGGGGGGFGGGGGGGGGGGGGBGGGGGFGGGGGGGGGGGFGGGG-WWWWW
WWWWW-GGGGGGGGGGGGGGGGGGGGGGGGGGGGGGGGGGGGGGGGGGGGGGGGGGGG-WWWWW
WWWWW-GFGGGGGFGGGGGGGGGGGGG----------------GGGGGGBGGGGGGGG-WWWWW
WWWWW-GGBGGGGGGGGGGGGGGGGGG-EEEEEEEEEEEEEE-GGGGGGGGGGGGGGG-WWWWW
WWWWW-GGGGGGGGGGGGGGFGGGGGG-EWWWWWWWWWWWWE-GGGGGGGGGGGEEEG-WWWWW
WWWWW-GGGGGGGGGGGGGGGGGGGGG-EWWWWWWWWWWWWE-GGGGGGGGGGEEWEG-WWWWW
WWWWW-GGGGGGGGEEEEEGGGGGGGG-EWWWWWWWWWWWWE-GGGGGGGGGGEWWEG-WWWWW
WWWWW-GGGGGGGGEWWWEGGGGGGGB-EEEEEEEEEEEEEE-GGGGGGGGGGEEWEG-WWWWW
WWWWW-GGGGGGGGEEEWEGGGGGGGG----------------GGGGGGGGGGGEWEG-WWWWW
WWWWW-GGGGGGGFGGEEEGGGGGGGGGGGBGGGGGGGGGGGGGGBGGGGEEEEEWEG-WWWWW
WWWWW-GGGGGGGGGGGGGGGGGGBGGGGGGGGGGGGGFGGGGGGGGGGGEWWWWWEG-WWWWW
WWWWW-GGGGGGGGGGGGGGGGGFGGGGGGGGGGGGGGGGGGGGGGGGGGEEEEEEEG-WWWWW
WWWWW-GGBGGGGGGGGGGGGGGGGGGGGGGGFGGGGGGGGGGGGGGGGGGGGFGGGG-WWWWW
WWWWW------------------------------------------------------WWWWW
WWWWWWWWWWWWWWWWWWWWWWWWWWWWWWWWWWWWWWWWWWWWWWWWWWWWWWWWWWWWWWWW
WWWWWWWWWWWWWWWWWWWWWWWWWWWWWWWWWWWWWWWWWWWWWWWWWWWWWWWWWWWWWWWW
WWWWWWWWWWWWWWWWWWWWWWWWWWWWWWWWWWWWWWWWWWWWWWWWWWWWWWWWWWWWWWWW
WWWWWWWWWWWWWWWWWWWWWWWWWWWWWWWWWWWWWWWWWWWWWWWWWWWWWWWWWWWWWWWW
WWWWWWWWWWWWWWWWWWWWWWWWWWWWWWWWWWWWWWWWWWWWWWWWWWWWWWWWWWWWWWWW
WWWWWWWWWWWWWWWWWWWWWWWWWWWWWWWWWWWWWWWWWWWWWWWWWWWWWWWWWWWWWWWW
