! Lewis Comstive 2021
! 
! AI For Games Submission
! 
! Legend:
!	! = Comment
!	G = Grass
!	W = Water
!	E = Water Edge
!	B = Bush
!	F = Flower
!	- = Fence Horizontal
WWWWWWWWWWWWWWWWWWWWWWWWWWWWWWWWWWWWWWWWWWWWWWWWWWWWWWWWWWWWWWWW
WWWWWWWWWWWWWWWWWWWWWWWWWWWWWWWWWWWWWWWWWWWWWWWWWWWWWWWWWWWWWWWW
WWWWWWWWWWWWWWWWWWWWWWWWWWWWWWWWWWWWWWWWWWWWWWWWWWWWWWWWWWWWWWWW
WWWWWWWWWWWWWWWWWWWWWWWWWWWWWWWWWWWWWWWWWWWWWWWWWWWWWWWWWWWWWWWW
WWWWWWWWWWWWWWWWWWWWWWWWWWWWWWWWWWWWWWWWWWWWWWWWWWWWWWWWWWWWWWWW
WWWWW------------------------------------------------------WWWWW
WWWWW-GGGGGGGGGGGGGGGGGGGGGFGGGGGGGGGGGGGGGGGGGGGGGGGGGGGG-WWWWW
WWWWW-GGGFGGGGGGGGGGGGGGGGGGGGGGGGGBGGGGGGGGGGGGGGGGGGGGGG-WWWWW
WWWWW-GGGGFEEEEEGGGGGGGGGGGGGGGFGGGGGGGGGGGGGGGGGGGGGGGGGG-WWWWW
WWWWW-GGGGGEWWWEGGGGGGGGGGGGGGGGGGGGGGGGGGGGGGGGGGFGGGGGGG-WWWWW
WWWWW-GGGGGEEEEEGFGGGGGGGGGGGGGGGGGGGGGGGGGGGGGGGGGGGGGGGG-WWWWW
WWWWW-GGBGGGGGFGGGGGGGGGGGGGGGGGGGGGGGGGGGGGGGGGGGGGGGGFGG-WWWWW
WWWWW-GGGGGGGGGGGGGGGGGGGGGGGGGGGGGGGGGGGGGGGGFGGBGGGGGGGG-WWWWW
WWWWW-GGGGGGGGGGGGGGGGGGGGGGGGGGGGGFGGGGGGGGGGGGGGGGGGGGGG-WWWWW
WWWWW-GFGGGGGGGGGGGGGGGGGBGGGGGGGGGGGGGGGGGGGGGGGGGGGGGGGG-WWWWW
WWWWW-GGGGGFGGGGGGGGGGGGGGGGGGGGGGGGGGGGGGEEEEGGGGGGGGGGGG-WWWWW
WWWWW-GGGGGGGGGGGGGGGGGGGGGGGGGGGGGGGGGGGGEWWEGGGGGGGGGGGG-WWWWW
WWWWW-GGGGGGGGGGGGGGGGGGGGGGGGFGGGGGGGGGGGEEEEGGGGGGGGGGGG-WWWWW
WWWWW-GGGGGGGGGGGGGGGGGGGGGGGGGGGGGGGGGGGGGGGGGGGGGGFFGGGG-WWWWW
WWWWW-GGGGGGGGGGGGGGGFGGGGGGGGGGGGGBGGGGGGGGGGGGGGGGFFGGGG-WWWWW
WWWWW-GGGGGGGGGGGGGGGGGGGGGGGGGGGGGGGGGGGGGGGGGGGGGGGGGGGG-WWWWW
WWWWW-GFGGGGGFGGGGGGGGGGGGGGGGGGGGGGGGGGGGGGGGGGGBGGGGGGGG-WWWWW
WWWWW-GGBGGGGGGGGGGGGGGGGGGGGGGGGGGGGGGGGGGGGGGGGGGGGGGGGG-WWWWW
WWWWW-GGGGGGGGGGGGGGGGGGGGGGGGGGGGGGGGGGGGGGGGGGGGGGGGEEEG-WWWWW
WWWWW-GGGGGGGGGGGGGGGGGGGGGGGGGGGGGFGGGGGGGGGGGGGGGGGEEWEG-WWWWW
WWWWW-GGGGGGGGEEEEEGGGGGGGGGGGGGGGGGGGGGGGGGGGGGGGGGGEWWEG-WWWWW
WWWWW-GGGGGGGGEWWWEGGGGGGGBGGGGGGGGGGGGGGGGGGGGGGGGGGEEWEG-WWWWW
WWWWW-GGGGGGGGEEEWEGGGGGGGGGGGGGGGGGGGGGGGGGGGGGGGGGGGEWEG-WWWWW
WWWWW-GGGGGGGFGGEEEGGGGGGGGGGGGGGGGGGGGGGGGGGBGGGGEEEEEWEG-WWWWW
WWWWW-GGGGGGGGGGGGGGGGGGBGGGGGGGGGGGGGFGGGGGGGGGGGEWWWWWEG-WWWWW
WWWWW-GGGGGGGGGGGGGGGGGFGGGGGGGGGGGGGGGGGGGGGGGGGGEEEEEEEG-WWWWW
WWWWW-GGBGGGGGGGGGGGGGGGGGGGGGGGGGGGGGGGGGGGGGGGGGGGGFGGGG-WWWWW
WWWWW------------------------------------------------------WWWWW
WWWWWWWWWWWWWWWWWWWWWWWWWWWWWWWWWWWWWWWWWWWWWWWWWWWWWWWWWWWWWWWW
WWWWWWWWWWWWWWWWWWWWWWWWWWWWWWWWWWWWWWWWWWWWWWWWWWWWWWWWWWWWWWWW
WWWWWWWWWWWWWWWWWWWWWWWWWWWWWWWWWWWWWWWWWWWWWWWWWWWWWWWWWWWWWWWW
WWWWWWWWWWWWWWWWWWWWWWWWWWWWWWWWWWWWWWWWWWWWWWWWWWWWWWWWWWWWWWWW
WWWWWWWWWWWWWWWWWWWWWWWWWWWWWWWWWWWWWWWWWWWWWWWWWWWWWWWWWWWWWWWW
WWWWWWWWWWWWWWWWWWWWWWWWWWWWWWWWWWWWWWWWWWWWWWWWWWWWWWWWWWWWWWWW
