! Lewis Comstive 2021
! 
! AI For Games Submission
! 
! Legend:
!	! = Comment
!	G = Grass
!	W = Water
!	E = Water Edge
!	B = Bush
!	F = Flower
!	- = Fence Horizontal
!	| = Fence Vertical
WWWWWWWWWWWWWWWWWWWWWWWWWWWWWWWWWWWWWWWWWWWWWWWWWWWWWWWW
W------------------------------------------------------W
W-GGGGGGGGGGGGGGGGGGGGGGGGGGGGGGGGGGGGGGGGGGGGGGGGGGGG-W
W-GGGFGGGGGGGGGGGGGGGGGGGGGGGGGGGGGGGGGGGGGGGGGGGGGGGG-W
W-GGGGGGGGGGGGGGGGGGGGGGGGGGGGGGGGGGGGGGGGGGGGGGGGGGGG-W
W-GGGGGGGGGGGGGGGGGGGGGGGGGGGGGGGGGGGGGGGGGGGGFGGGGGGG-W
W-GGGGGGGGGGGFGGGGGGGGGGGGGGGGGGGGGGGGGGGGGGGGGGGGGGGG-W
W-GGGGGGGGFGGGGGGGGGGGGGGGGGGGGGGGGGGGGGGGGGGGGGGGGFGG-W
W-GGGGGGGGGGGGGGGGGGGGGGGGGGGGGGGGGGGGGGGGFGGBGGGGGGGG-W
W-GGGGGGGGGGGGGGGGGGGGGGGGGGGGGGGGGGGGGGGGGGGGGGGGGGGG-W
W-GGGGGGGGGGGGGGGGGGGGGGGGGGGGGGGGGGGGGGGGGGGGGGGGGGGG-W
W-GGGGGGGGGGGGGGGGGGGGGGGGGGGGGGGGGGGGEEEEGGGGGGGGGGGG-W
W-GGGGGGGGGGGGGGGGGGGGGGGGGGGGGGGGGGGGEWWEGGGGGGGGGGGG-W
W-GGGGGGGGGGGGGGGGGGGGGGGGFGGGGGGGGGGGEEEEGGGGGGGGGGGG-W
W-GGGGGGGGGGGGGGGGGGGGGGGGGGGGGGGGGGGGGGGGGGGGGGGGGGGG-W
W-GGGGGGGGGGGGGGGGGGGGGGGGGGGGGGGGGGGGGGGGGGGGGGGGGGGG-W
W-GGGGGGGGGGGGGGGGGGGGGGGGGGGGGGGGGGGGGGGGGGGGGGGGGGGG-W
W-GFGGGGGGGGGGGGGGGGGGGGGGGGGGGGGGGGGGGGGGGGGGGGGGGGGG-W
W-GGBGGGGGGGGGGGGGGGGGGGGGGGGGGGGGGGGGGGGGGGGGGGGGGGGG-W
W-GGGGGGGGGGGGGGGGGGGGGGGGGGGGGGGGGGGGGGGGGGGGGGGGEEEG-W
W-GGGGGGGGGGGGGGGGGGGGGGGGGGGGGGGGGGGGGGGGGGGGGGGEEWEG-W
W-GGGGGGGGGGGGGGGGGGGGGGGGGGGGGGGGGGGGGGGGGGGGGGGEWWEG-W
W-GGGGGGGGGGGGGGGGGGGGBGGGGGGGGGGGGGGGGGGGGGGGGGGEEWEG-W
W-GGGGGGGGGGGGGGGGGGGGGGGGGGGGGGGGGGGGGGGGGGGGGGGGEWEG-W
W-GGGGGGGFGGGGGGGGGGGGGGGGGGGGGGGGGGGGGGGGGGGGEEEEEWEG-W
W-GGGGGGGGGGGGGGGGGGGGGGGGGGGGGGGGFGGGGGGGGGGGEWWWWWEG-W
W-GGGGGGGGGGGGGGGGGGGGGGGGGGGGGGGGGGGGGGGGGGGGEEEEEEEG-W
W-GBBGGGGGGGGGGGGGGGGGGGGGGGGGGGGGGGGGGGGGGGGGGGGFGGGG-W
W------------------------------------------------------W
WWWWWWWWWWWWWWWWWWWWWWWWWWWWWWWWWWWWWWWWWWWWWWWWWWWWWWWW
